../Core/Src/main.c:87:5:main	128	static
../Core/Src/main.c:173:6:SystemClock_Config	88	static
../Core/Src/main.c:220:13:MX_TIM1_Init	80	static
../Core/Src/main.c:298:13:MX_USART2_UART_Init	8	static
../Core/Src/main.c:331:13:MX_GPIO_Init	48	static
../Core/Src/main.c:419:6:HAL_GPIO_EXTI_Callback	32	static
../Core/Src/main.c:445:6:Task_dataSender	80	static
../Core/Src/main.c:470:6:Task_SMotor	16	static
../Core/Src/main.c:488:6:Task_TMotors	16	static
../Core/Src/main.c:506:6:Task_dataReceiver	40	static
../Core/Src/main.c:532:6:HAL_TIM_PeriodElapsedCallback	16	static
../Core/Src/main.c:549:6:Error_Handler	4	static,ignoring_inline_asm
